14:10:02 **** Incremental Build of configuration Debug for project 0302F411 ****
make -j18 all 
arm-none-eabi-gcc "../Core/Src/main.c" -mcpu=cortex-m4 -std=gnu11 -g3 -DDEBUG -DUSE_HAL_DRIVER -DSTM32F411xE -c -I../Core/Inc -I../Drivers/STM32F4xx_HAL_Driver/Inc -I../Drivers/STM32F4xx_HAL_Driver/Inc/Legacy -I../Drivers/CMSIS/Device/ST/STM32F4xx/Include -I../Drivers/CMSIS/Include -O0 -ffunction-sections -fdata-sections -Wall -fstack-usage -fcyclomatic-complexity -MMD -MP -MF"Core/Src/main.d" -MT"Core/Src/main.o" --specs=nano.specs -mfpu=fpv4-sp-d16 -mfloat-abi=hard -mthumb -o "Core/Src/main.o"
arm-none-eabi-gcc -o "0302F411.elf" @"objects.list"   -mcpu=cortex-m4 -T"C:\Workspace\ST\0302F411\0302F411\STM32F411CEUX_FLASH.ld" --specs=nosys.specs -Wl,-Map="0302F411.map" -Wl,--gc-sections -static --specs=nano.specs -mfpu=fpv4-sp-d16 -mfloat-abi=hard -mthumb -Wl,--start-group -lc -lm -Wl,--end-group
Finished building target: 0302F411.elf
 
arm-none-eabi-size  0302F411.elf 
arm-none-eabi-objdump -h -S 0302F411.elf  > "0302F411.list"
   text	   data	    bss	    dec	    hex	filename
  10852	     12	   1700	  12564	   3114	0302F411.elf
Finished building: default.size.stdout
 
Finished building: 0302F411.list
 

14:10:03 Build Finished. 0 errors, 0 warnings. (took 658ms)

